// Jest Snapshot v1, https://goo.gl/fbAQLP

exports[`post component Post snapshot Comprobar la UI del componente Footer 1`] = `
<div
  className="container"
>
  <div
    className="posts-container"
  >
    <div
      className="return-section"
    >
      <i
        className="fa fa-pencil action-pages"
        onClick={[Function]}
      />
    </div>
    <div
      className="col-6 column wrap"
    />
    <div
      style={
        Object {
          "height": "100px",
          "margin": "30px",
        }
      }
    />
  </div>
  <div
    className="col-2 column wrap"
  />
</div>
`;
